PASS guide recognition cases=1668
PASS pause modal/lifecycle/state freeze
PASS VS first-to-two, draws, state reset, cross-round restore
PASS story first-to-two, draws, progression gating, save migration
PASS assertions=26442
PASS delay=50ms / 3ticks confirmed=2997 resimulated=11988 final=80c4f41871bd4fc59bd7b54f4ba0cf9102834d465f86d2ede1fcced94b0281e7
PASS delay=100ms / 6ticks confirmed=2994 resimulated=20958 final=80c4f41871bd4fc59bd7b54f4ba0cf9102834d465f86d2ede1fcced94b0281e7
PASS delay=150ms / 9ticks confirmed=2991 resimulated=29910 final=80c4f41871bd4fc59bd7b54f4ba0cf9102834d465f86d2ede1fcced94b0281e7
PASS delay=200ms / 12ticks confirmed=2988 resimulated=38844 final=80c4f41871bd4fc59bd7b54f4ba0cf9102834d465f86d2ede1fcced94b0281e7
Round transitions=0 classic=false
PASS independent twins=3000 every-frame hashes; no network transport used
PASS delay=50ms / 3ticks confirmed=2997 resimulated=11988 final=8f2913ac4f83c08131fcd980c9ce1da346405198c07cc88221a26d693be15e24
PASS delay=100ms / 6ticks confirmed=2994 resimulated=20958 final=8f2913ac4f83c08131fcd980c9ce1da346405198c07cc88221a26d693be15e24
PASS delay=150ms / 9ticks confirmed=2991 resimulated=29910 final=8f2913ac4f83c08131fcd980c9ce1da346405198c07cc88221a26d693be15e24
PASS delay=200ms / 12ticks confirmed=2988 resimulated=38844 final=8f2913ac4f83c08131fcd980c9ce1da346405198c07cc88221a26d693be15e24
Round transitions=1 classic=true
PASS independent twins=3000 every-frame hashes; no network transport used
PASS 2854 assertions; loaded 46 packs; animation paths completed 99 / 99
This is not combat, Android installation, or full story validation.
PASS CharacterSelect: 20321 assertions; 1764 original EXE input frames; 160 grid cases; 10 story intro->fight transitions; 10 VS mirrors; 7 screen ratios; confirmation/release/back, deterministic visuals, paused-battle isolation
