{
  "apk": "app-release.apk",
  "bytes": 68564159,
  "sha256": "d7e9273957ef303c13d8b7cb39a3a49e7150abc86420ac9a8545da26e0610f60",
  "original_assets_unchanged": 2881,
  "total_assets": 2882,
  "new_assets": [
    "assets/game/story-index.tsv"
  ],
  "launcher_resources_unchanged": true,
  "launcher_resource_paths_renamed": true,
  "signature_matches_test003": true,
  "application_id": "org.elfen.fighting.nativeport",
  "version_code": 11,
  "version_name": "0.0.7d-hud",
  "min_sdk": 29,
  "target_sdk": 35,
  "permissions": [
    "android.permission.INTERNET"
  ],
  "native_libraries": [],
  "zip_crc_ok": true,
  "android_execution_performed": false,
  "launcher_png_reencoded": [],
  "launcher_pixels_unchanged": true
}
