
PASS original collision/damage/RNG fixtures 518
FIGHT 0170 frames=4712 hits=80 objects=1706 hp=400:0 hash=d30a6ffdb0deee30a1b49b2dd34da8ffeecc7784dd41d33ed304e8945d3100c2
FIGHT 0104 frames=4462 hits=80 objects=1706 hp=400:0 hash=6c6ba8d9e53d6d233160dda5102a7f9fa94e1aa73eb00e6a9444fbdc2dc24666
FIGHT 0128 frames=7307 hits=134 objects=7174 hp=400:0 hash=7d7c36fdf251f31eecad518eb665ac39e4be7d5a6d8b03256487d10ed8ff2d6c
PASS combat and deterministic restore assertions=32582
Not Android installation, original AI, match rules, story or online validation.

PASS original CPU 12 x120 ticks / 1481760 exact assertions

PASS original matcher 1068 cases / 1094700 assertions

PASS original clash/reaction-error semantics 394 assertions

CPU FIGHT 0170:0104 seed=1 frames=10080 hp=67:0 commands=[0, 1, 2, 4, 5, 7, 8, 9, 10, 12, 13, 14, 15, 16, 1001, 1002, 1003, 1004, 1005, 1006, 1008, 1010, 1011, 1013, 1014, 1015, 1019, 1020, 1022] hit=144 guard=3 objectFrames=6182 hash=656e7e03cc2fb68d427610d0d4e53938dde8a9889c1d1d0ad3e34788b828d00c
STATE 0 skill=19 pc=79 ended=false flags=4 wait=-1 x=254 y=920
STATE 1 skill=20 pc=126 ended=false flags=4 wait=8700 x=496 y=920
CPU FIGHT 0128:0170 seed=2 frames=10541 hp=0:182 commands=[2, 3, 4, 5, 7, 8, 10, 15, 16, 22, 24, 25, 1001, 1002, 1004, 1005, 1007, 1009, 1010, 1012, 1013, 1014, 1015, 1016, 1017, 1018] hit=104 guard=7 objectFrames=8183 hash=f21c233d7edaf7e48c9304f4cfe9d2705c87f8ee7b3964730635c505cc23c12e
STATE 0 skill=63 pc=419 ended=false flags=4 wait=300 x=967 y=920
STATE 1 skill=19 pc=79 ended=false flags=4 wait=-1 x=430 y=920
CPU FIGHT 0104:0128 seed=3 frames=6759 hp=339:0 commands=[1, 2, 3, 4, 5, 6, 8, 10, 13, 14, 15, 18, 19, 20, 21, 22, 1002, 1004, 1005, 1007, 1008, 1012, 1014, 1022, 1023, 1024, 1025] hit=88 guard=4 objectFrames=4320 hash=71dec8620f4d49fc2eef0ab197c294bd3ceaabf96915970462eedbe449ea733b
STATE 0 skill=19 pc=106 ended=false flags=4 wait=-1 x=699 y=920
STATE 1 skill=63 pc=419 ended=false flags=4 wait=300 x=1151 y=920
PASS active CPU twin/restore 27587

PASS replay 3 x 2400 every-frame hashes=7200; history restore/resimulation 60 ticks; corruption rejected. bytes=72092 hash=bf49bd79ffd6c638f754d92dad5db4a28627cb836fa793238982bc7ee4023097

0170 frame=9209 hp=0:189 phase=1
0104 frame=5678 hp=178:0 phase=1
0128 frame=8419 hp=0:244 phase=1
0122 frame=8992 hp=0:66 phase=1
0114 frame=7416 hp=0:134 phase=1
0110 frame=6436 hp=0:182 phase=1
0156 frame=10599 hp=14:0 phase=1
0108 frame=5947 hp=0:261 phase=1
0168 frame=8335 hp=30:0 phase=1
0136 frame=8390 hp=0:36 phase=1
0142 frame=3450 hp=827:0 phase=1
0144 frame=4816 hp=751:0 phase=1

