0060 デモるーしＥＤ
0062 マリコＯＰ
0064 キャラセレ
0066 ロストＥＤ
0068 ナナＥＤ
0070 ミサキＯＰ
0072 デモ 1
0074 デモ 2
0076 アンナＯＰ
0078 マリコ登場
0080 ステージ 2
0082 マリコ
0084 香港
0086 こんてにゅー
0088 にゅうＯＰ
0092 マユＥＤ
0094 マユＯＰ
0096 クローンＯＰ
0098 アンナED
0102 にゅうED
0104 ナナ裏
0108 ダイアナ
0110 マユ
0112 ロストＯＰ
0114 アンナ
0116 エルフェンファイト
0118 ルーシーＯＰ
0122 にゅう
0124 マリコED
0128 マリコ
0130 ナナＯＰ
0132 ミサキＥＤ
0136 ロストナンバー
0138 ラウンジ
0142 クラフト
0144 クラフト
0146 クローンＥＤ
0148 新ステージ
0154 プレーヤー 1
0156 るーしー
0168 ミサキ
0170 ルーシー
0178 るーしーＯＰ
0202 ルーシーED
0222 クレ
0226 奴
Converted 46 unique containers
