Downloading https://services.gradle.org/distributions/gradle-8.9-bin.zip
............10%.............20%.............30%.............40%.............50%.............60%.............70%.............80%.............90%.............100%

Welcome to Gradle 8.9!

Here are the highlights of this release:
 - Enhanced Error and Warning Messages
 - IDE Integration Improvements
 - Daemon JVM Information

For more details see https://docs.gradle.org/8.9/release-notes.html

To honour the JVM settings for this build a single-use Daemon process will be forked. For more on this, please refer to https://docs.gradle.org/8.9/userguide/gradle_daemon.html#sec:disabling_the_daemon in the Gradle documentation.
Daemon will be stopped at the end of the build 
Checking the license for package Android SDK Platform-Tools in /workspace/scratch/033a2b108d46/recovered_test003/.deps/android-sdk/licenses
Warning: License for package Android SDK Platform-Tools not accepted.
WARNING: platform-tools package is not installed. Please accept the installation licence to continue
> Task :app:preBuild UP-TO-DATE
> Task :app:preReleaseBuild UP-TO-DATE
> Task :app:checkReleaseAarMetadata
> Task :app:generateReleaseResValues
> Task :app:javaPreCompileRelease
> Task :app:mapReleaseSourceSetPaths
> Task :app:generateReleaseResources
> Task :app:packageReleaseResources
> Task :app:createReleaseCompatibleScreenManifests
> Task :app:extractDeepLinksRelease
> Task :app:parseReleaseLocalResources
> Task :app:processReleaseMainManifest
> Task :app:processReleaseManifest
> Task :app:extractProguardFiles
> Task :app:mergeReleaseJniLibFolders
> Task :app:mergeReleaseNativeLibs NO-SOURCE
> Task :app:stripReleaseDebugSymbols NO-SOURCE
> Task :app:extractReleaseNativeSymbolTables NO-SOURCE
> Task :app:mergeReleaseNativeDebugMetadata NO-SOURCE
> Task :app:desugarReleaseFileDependencies
> Task :app:mergeReleaseStartupProfile
> Task :app:checkReleaseDuplicateClasses
> Task :app:mergeReleaseArtProfile
> Task :app:mergeReleaseShaders
> Task :app:compileReleaseShaders NO-SOURCE
> Task :app:generateReleaseAssets UP-TO-DATE
> Task :app:mergeExtDexRelease
> Task :app:mergeReleaseResources
> Task :app:mergeReleaseAssets
> Task :app:extractReleaseVersionControlInfo
> Task :app:processReleaseJavaRes NO-SOURCE
> Task :app:processReleaseManifestForPackage
> Task :app:mergeReleaseJavaResource
> Task :app:collectReleaseDependencies
> Task :app:processReleaseResources
> Task :app:compressReleaseAssets
> Task :app:sdkReleaseDependencyData

> Task :app:compileReleaseJavaWithJavac
Note: /workspace/scratch/033a2b108d46/elfen_test004/app/src/main/java/org/elfen/fighting/MainActivity.java uses or overrides a deprecated API.
Note: Recompile with -Xlint:deprecation for details.

> Task :app:generateReleaseLintVitalReportModel
> Task :app:lintVitalAnalyzeRelease
> Task :app:dexBuilderRelease
> Task :app:mergeReleaseGlobalSynthetics
> Task :app:validateSigningRelease
> Task :app:writeReleaseAppMetadata
> Task :app:writeReleaseSigningConfigVersions
> Task :app:optimizeReleaseResources
> Task :app:mergeDexRelease
> Task :app:compileReleaseArtProfile
> Task :app:packageRelease
> Task :app:createReleaseApkListingFileRedirect
> Task :app:lintVitalReportRelease
> Task :app:lintVitalRelease
> Task :app:assembleRelease

BUILD SUCCESSFUL in 2m 18s
43 actionable tasks: 43 executed
