To honour the JVM settings for this build a single-use Daemon process will be forked. For more on this, please refer to https://docs.gradle.org/8.9/userguide/gradle_daemon.html#sec:disabling_the_daemon in the Gradle documentation.

FAILURE: Build failed with an exception.

* What went wrong:
Unable to start the daemon process.
This problem might be caused by incorrect configuration of the daemon.
For example, an unrecognized jvm option is used.For more details on the daemon, please refer to https://docs.gradle.org/8.9/userguide/gradle_daemon.html in the Gradle documentation.
Process command line: /usr/lib/jvm/java-17-openjdk-amd64/bin/java --add-opens=java.base/java.util=ALL-UNNAMED --add-opens=java.base/java.lang=ALL-UNNAMED --add-opens=java.base/java.lang.invoke=ALL-UNNAMED --add-opens=java.prefs/java.util.prefs=ALL-UNNAMED --add-exports=jdk.compiler/com.sun.tools.javac.api=ALL-UNNAMED --add-exports=jdk.compiler/com.sun.tools.javac.util=ALL-UNNAMED --add-opens=java.base/java.nio.charset=ALL-UNNAMED --add-opens=java.base/java.net=ALL-UNNAMED --add-opens=java.base/java.util.concurrent.atomic=ALL-UNNAMED -Xmx2048m -Dfile.encoding=UTF-8 -Duser.country -Duser.language=en -Duser.variant -cp /workspace/scratch/033a2b108d46/elfen_test008/.deps/gradle-home/wrapper/dists/gradle-8.9-bin/90cnw93cvbtalezasaz0blq0a/gradle-8.9/lib/gradle-daemon-main-8.9.jar -javaagent:/workspace/scratch/033a2b108d46/elfen_test008/.deps/gradle-home/wrapper/dists/gradle-8.9-bin/90cnw93cvbtalezasaz0blq0a/gradle-8.9/lib/agents/gradle-instrumentation-agent-8.9.jar org.gradle.launcher.daemon.bootstrap.GradleDaemon 8.9
Please read the following process output to find out more:
-----------------------

FAILURE: Build failed with an exception.

* What went wrong:
java.net.SocketException: Operation not permitted

* Try:
> Run with --info or --debug option to get more log output.
> Run with --scan to get full insights.
> Get more help at https://help.gradle.org.

* Exception is:
org.gradle.api.UncheckedIOException: java.net.SocketException: Operation not permitted
	at org.gradle.internal.UncheckedException.throwAsUncheckedException(UncheckedException.java:63)
	at org.gradle.internal.UncheckedException.throwAsUncheckedException(UncheckedException.java:42)
	at org.gradle.internal.remote.internal.inet.TcpIncomingConnector.accept(TcpIncomingConnector.java:62)
	at org.gradle.launcher.daemon.server.DaemonTcpServerConnector.start(DaemonTcpServerConnector.java:86)
	at org.gradle.launcher.daemon.server.Daemon.start(Daemon.java:175)
	at org.gradle.launcher.daemon.bootstrap.DaemonMain.doAction(DaemonMain.java:134)
	at org.gradle.launcher.bootstrap.EntryPoint.run(EntryPoint.java:52)
	at java.base/jdk.internal.reflect.NativeMethodAccessorImpl.invoke0(Native Method)
	at java.base/jdk.internal.reflect.NativeMethodAccessorImpl.invoke(NativeMethodAccessorImpl.java:77)
	at java.base/jdk.internal.reflect.DelegatingMethodAccessorImpl.invoke(DelegatingMethodAccessorImpl.java:43)
	at java.base/java.lang.reflect.Method.invoke(Method.java:569)
	at org.gradle.launcher.bootstrap.ProcessBootstrap.runNoExit(ProcessBootstrap.java:60)
	at org.gradle.launcher.bootstrap.ProcessBootstrap.run(ProcessBootstrap.java:37)
	at org.gradle.launcher.daemon.bootstrap.GradleDaemon.main(GradleDaemon.java:22)
Caused by: java.net.SocketException: Operation not permitted
	at java.base/sun.nio.ch.Net.socket0(Native Method)
	at java.base/sun.nio.ch.Net.serverSocket(Net.java:546)
	at java.base/sun.nio.ch.ServerSocketChannelImpl.<init>(ServerSocketChannelImpl.java:128)
	at java.base/sun.nio.ch.ServerSocketChannelImpl.<init>(ServerSocketChannelImpl.java:109)
	at java.base/sun.nio.ch.SelectorProviderImpl.openServerSocketChannel(SelectorProviderImpl.java:72)
	at java.base/java.nio.channels.ServerSocketChannel.open(ServerSocketChannel.java:145)
	at org.gradle.internal.remote.internal.inet.TcpIncomingConnector.accept(TcpIncomingConnector.java:58)
	... 11 more


* Try:
> Run with --stacktrace option to get the stack trace.
> Run with --info or --debug option to get more log output.
> Run with --scan to get full insights.
> Get more help at https://help.gradle.org.
