{
  "apk": "elfen-fighting-v1.0.0-rc1.apk",
  "bytes": 68712947,
  "sha256": "5b770f932b1bec3dcda4cb7a0e68e1ce730430e91d946b63059a120ddb45c110",
  "original_assets_unchanged": 2881,
  "total_assets": 2884,
  "new_assets": [
    "assets/game/story-index.tsv",
    "assets/localization/scenes.tsv",
    "assets/localization/ui.tsv"
  ],
  "launcher_resources_unchanged": true,
  "launcher_resource_paths_renamed": false,
  "signature_matches_test003": true,
  "application_id": "org.elfen.fighting.nativeport",
  "version_code": 14,
  "version_name": "1.0.0-rc1",
  "min_sdk": 29,
  "target_sdk": 35,
  "permissions": [
    "android.permission.INTERNET"
  ],
  "native_libraries": [],
  "zip_crc_ok": true,
  "android_execution_performed": false,
  "launcher_png_reencoded": [],
  "launcher_pixels_unchanged": true
}
