START character=0128 name=マリコ seed=19 cpu=100
f=1 slot=0 mode=0 wins=0 hp=scene
f=1622 slot=1 mode=1 wins=0 hp=400:400
f=9281 slot=1 mode=2 wins=0 hp=0:286
f=9342 slot=1 mode=1 wins=0 hp=400:400
f=19354 slot=1 mode=2 wins=0 hp=0:256
f=19415 slot=1 mode=1 wins=0 hp=400:400
f=28323 slot=1 mode=2 wins=0 hp=0:245
f=28384 slot=1 mode=1 wins=0 hp=400:400
f=37756 slot=1 mode=2 wins=0 hp=0:303
f=37817 slot=1 mode=1 wins=0 hp=400:400
f=43466 slot=1 mode=2 wins=0 hp=0:286
f=43527 slot=1 mode=1 wins=0 hp=400:400
f=50953 slot=1 mode=2 wins=0 hp=0:254
f=51014 slot=1 mode=1 wins=0 hp=400:400
f=57646 slot=1 mode=2 wins=0 hp=0:301
f=57707 slot=1 mode=1 wins=0 hp=400:400
f=65121 slot=1 mode=2 wins=0 hp=0:276
f=65182 slot=1 mode=1 wins=0 hp=400:400
f=73267 slot=1 mode=2 wins=0 hp=0:243
f=73328 slot=1 mode=1 wins=0 hp=400:400
f=82218 slot=1 mode=2 wins=0 hp=0:268
f=82279 slot=1 mode=1 wins=0 hp=400:400
f=89058 slot=1 mode=2 wins=0 hp=0:325
f=89119 slot=1 mode=1 wins=0 hp=400:400
f=97732 slot=1 mode=2 wins=0 hp=0:285
f=97793 slot=1 mode=1 wins=0 hp=400:400
f=108309 slot=1 mode=2 wins=0 hp=0:235
f=108370 slot=1 mode=1 wins=0 hp=400:400
f=117099 slot=1 mode=2 wins=0 hp=0:234
f=117160 slot=1 mode=1 wins=0 hp=400:400
f=125145 slot=1 mode=2 wins=0 hp=0:259
f=125206 slot=1 mode=1 wins=0 hp=400:400
f=133277 slot=1 mode=2 wins=0 hp=0:304
f=133338 slot=1 mode=1 wins=0 hp=400:400
f=144003 slot=1 mode=2 wins=0 hp=0:285
f=144064 slot=1 mode=1 wins=0 hp=400:400
f=150535 slot=1 mode=2 wins=0 hp=0:320
f=150596 slot=1 mode=1 wins=0 hp=400:400
f=159094 slot=1 mode=2 wins=0 hp=0:324
f=159155 slot=1 mode=1 wins=0 hp=400:400
f=168759 slot=1 mode=2 wins=0 hp=0:291
f=168820 slot=1 mode=1 wins=0 hp=400:400
f=176497 slot=1 mode=2 wins=0 hp=0:326
f=176558 slot=1 mode=1 wins=0 hp=400:400
f=187577 slot=1 mode=2 wins=0 hp=0:251
f=187638 slot=1 mode=1 wins=0 hp=400:400
f=195368 slot=1 mode=2 wins=0 hp=0:279
f=195429 slot=1 mode=1 wins=0 hp=400:400
f=203032 slot=1 mode=2 wins=0 hp=0:258
f=203093 slot=1 mode=1 wins=0 hp=400:400
f=210147 slot=1 mode=2 wins=0 hp=0:298
f=210208 slot=1 mode=1 wins=0 hp=400:400
f=217257 slot=1 mode=2 wins=0 hp=0:312
f=217318 slot=1 mode=1 wins=0 hp=400:400
f=224671 slot=1 mode=2 wins=0 hp=0:245
f=224732 slot=1 mode=1 wins=0 hp=400:400
f=232445 slot=1 mode=2 wins=0 hp=0:323
f=232506 slot=1 mode=1 wins=0 hp=400:400
f=241700 slot=1 mode=2 wins=0 hp=0:310
f=241761 slot=1 mode=1 wins=0 hp=400:400
f=248432 slot=1 mode=2 wins=0 hp=0:311
f=248493 slot=1 mode=1 wins=0 hp=400:400
f=257229 slot=1 mode=2 wins=0 hp=0:270
f=257290 slot=1 mode=1 wins=0 hp=400:400
f=267312 slot=1 mode=2 wins=0 hp=0:216
f=267373 slot=1 mode=1 wins=0 hp=400:400
f=273436 slot=1 mode=2 wins=0 hp=0:360
f=273497 slot=1 mode=1 wins=0 hp=400:400
f=280331 slot=1 mode=2 wins=0 hp=0:256
f=280392 slot=1 mode=1 wins=0 hp=400:400
f=289029 slot=1 mode=2 wins=0 hp=0:259
f=289090 slot=1 mode=1 wins=0 hp=400:400
f=294222 slot=1 mode=2 wins=0 hp=0:319
f=294283 slot=1 mode=1 wins=0 hp=400:400
f=300655 slot=1 mode=2 wins=0 hp=0:358
f=300716 slot=1 mode=1 wins=0 hp=400:400
f=309333 slot=1 mode=2 wins=0 hp=0:236
f=309394 slot=1 mode=1 wins=0 hp=400:400
f=316606 slot=1 mode=2 wins=0 hp=0:320
f=316667 slot=1 mode=1 wins=0 hp=400:400
f=324283 slot=1 mode=2 wins=0 hp=0:289
f=324344 slot=1 mode=1 wins=0 hp=400:400
f=334134 slot=1 mode=2 wins=0 hp=0:243
f=334195 slot=1 mode=1 wins=0 hp=400:400
f=341549 slot=1 mode=2 wins=0 hp=0:274
f=341610 slot=1 mode=1 wins=0 hp=400:400
f=348337 slot=1 mode=2 wins=0 hp=0:285
f=348398 slot=1 mode=1 wins=0 hp=400:400
f=356938 slot=1 mode=2 wins=0 hp=0:238
f=356999 slot=1 mode=1 wins=0 hp=400:400
f=367585 slot=1 mode=2 wins=0 hp=0:203
f=367646 slot=1 mode=1 wins=0 hp=400:400
f=374330 slot=1 mode=2 wins=0 hp=0:301
f=374391 slot=1 mode=1 wins=0 hp=400:400
f=380195 slot=1 mode=2 wins=0 hp=0:339
f=380256 slot=1 mode=1 wins=0 hp=400:400
f=386636 slot=1 mode=2 wins=0 hp=0:284
f=386697 slot=1 mode=1 wins=0 hp=400:400
f=392968 slot=1 mode=2 wins=0 hp=0:290
f=393029 slot=1 mode=1 wins=0 hp=400:400
f=399998 slot=1 mode=2 wins=0 hp=0:271
f=400059 slot=1 mode=1 wins=0 hp=400:400
f=410976 slot=1 mode=2 wins=0 hp=0:268
f=411037 slot=1 mode=1 wins=0 hp=400:400
f=416956 slot=1 mode=2 wins=0 hp=0:252
f=417017 slot=1 mode=1 wins=0 hp=400:400
f=426857 slot=1 mode=2 wins=0 hp=0:235
f=426918 slot=1 mode=1 wins=0 hp=400:400
f=432984 slot=1 mode=2 wins=0 hp=0:282
f=433045 slot=1 mode=1 wins=0 hp=400:400
f=442466 slot=1 mode=2 wins=0 hp=0:244
f=442527 slot=1 mode=1 wins=0 hp=400:400
f=451959 slot=1 mode=2 wins=0 hp=0:292
f=452020 slot=1 mode=1 wins=0 hp=400:400
f=458487 slot=1 mode=2 wins=0 hp=0:326
f=458548 slot=1 mode=1 wins=0 hp=400:400
f=464145 slot=1 mode=2 wins=0 hp=0:280
f=464206 slot=1 mode=1 wins=0 hp=400:400
f=474286 slot=1 mode=2 wins=0 hp=0:234
f=474347 slot=1 mode=1 wins=0 hp=400:400
f=482618 slot=1 mode=2 wins=0 hp=0:252
f=482679 slot=1 mode=1 wins=0 hp=400:400
f=491061 slot=1 mode=2 wins=0 hp=0:218
f=491122 slot=1 mode=1 wins=0 hp=400:400
ROUTE with per-frame history snapshots, frames=500000 slot=1 mode=1 wins=0 fights=1 hash=00a3703fa0e0aead343674cb3aa06c71457551cb151b82171a89feade4e720b7
Exception in thread "main" java.lang.AssertionError: Route frame bound
	at org.elfen.engine.StoryPlayTest.main(StoryPlayTest.java:22)
