START character=0128 name=マリコ seed=19 cpu=80
f=1 slot=0 mode=0 wins=0 hp=scene
f=1622 slot=1 mode=1 wins=0 hp=400:400
f=7693 slot=1 mode=2 wins=0 hp=0:323
f=7754 slot=1 mode=1 wins=0 hp=400:400
f=14796 slot=1 mode=2 wins=0 hp=0:313
f=14857 slot=1 mode=1 wins=0 hp=400:400
f=24631 slot=1 mode=2 wins=0 hp=0:284
f=24692 slot=1 mode=1 wins=0 hp=400:400
f=35187 slot=1 mode=2 wins=0 hp=0:166
f=35248 slot=1 mode=1 wins=0 hp=400:400
f=41760 slot=1 mode=2 wins=0 hp=0:298
f=41821 slot=1 mode=1 wins=0 hp=400:400
f=50498 slot=1 mode=2 wins=0 hp=0:232
f=50559 slot=1 mode=1 wins=0 hp=400:400
f=57577 slot=1 mode=2 wins=0 hp=0:194
f=57638 slot=1 mode=1 wins=0 hp=400:400
f=66012 slot=1 mode=2 wins=0 hp=0:229
f=66073 slot=1 mode=1 wins=0 hp=400:400
f=75365 slot=1 mode=2 wins=0 hp=0:251
f=75426 slot=1 mode=1 wins=0 hp=400:400
f=82426 slot=1 mode=2 wins=0 hp=0:280
f=82487 slot=1 mode=1 wins=0 hp=400:400
f=90199 slot=1 mode=2 wins=0 hp=0:310
f=90260 slot=1 mode=1 wins=0 hp=400:400
f=97447 slot=1 mode=2 wins=0 hp=0:289
f=97508 slot=1 mode=1 wins=0 hp=400:400
f=105424 slot=1 mode=2 wins=0 hp=0:278
f=105485 slot=1 mode=1 wins=0 hp=400:400
f=112884 slot=1 mode=2 wins=0 hp=0:256
f=112945 slot=1 mode=1 wins=0 hp=400:400
f=120263 slot=1 mode=2 wins=0 hp=0:271
f=120324 slot=1 mode=1 wins=0 hp=400:400
f=129940 slot=1 mode=2 wins=0 hp=0:236
f=130001 slot=1 mode=1 wins=0 hp=400:400
f=135315 slot=1 mode=2 wins=0 hp=0:331
f=135376 slot=1 mode=1 wins=0 hp=400:400
f=142420 slot=1 mode=2 wins=0 hp=0:262
f=142481 slot=1 mode=1 wins=0 hp=400:400
f=149609 slot=1 mode=2 wins=0 hp=0:219
f=149670 slot=1 mode=1 wins=0 hp=400:400
f=159391 slot=1 mode=2 wins=0 hp=0:163
f=159452 slot=1 mode=1 wins=0 hp=400:400
f=165821 slot=1 mode=2 wins=0 hp=0:193
f=165882 slot=1 mode=1 wins=0 hp=400:400
f=172790 slot=1 mode=2 wins=0 hp=0:302
f=172851 slot=1 mode=1 wins=0 hp=400:400
f=180959 slot=1 mode=2 wins=0 hp=0:227
f=181020 slot=1 mode=1 wins=0 hp=400:400
f=192093 slot=1 mode=2 wins=0 hp=0:108
f=192154 slot=1 mode=1 wins=0 hp=400:400
f=197456 slot=1 mode=2 wins=0 hp=0:288
f=197517 slot=1 mode=1 wins=0 hp=400:400
f=206848 slot=1 mode=2 wins=0 hp=0:277
f=206909 slot=1 mode=1 wins=0 hp=400:400
f=215014 slot=1 mode=2 wins=0 hp=0:251
f=215075 slot=1 mode=1 wins=0 hp=400:400
f=223728 slot=1 mode=2 wins=0 hp=0:319
f=223789 slot=1 mode=1 wins=0 hp=400:400
f=232642 slot=1 mode=2 wins=0 hp=0:179
f=232703 slot=1 mode=1 wins=0 hp=400:400
f=238810 slot=1 mode=2 wins=0 hp=0:273
f=238871 slot=1 mode=1 wins=0 hp=400:400
f=249145 slot=1 mode=2 wins=0 hp=0:126
f=249206 slot=1 mode=1 wins=0 hp=400:400
f=257575 slot=1 mode=2 wins=0 hp=0:320
f=257636 slot=1 mode=1 wins=0 hp=400:400
f=267693 slot=1 mode=2 wins=0 hp=0:63
f=267754 slot=1 mode=1 wins=0 hp=400:400
f=278128 slot=1 mode=2 wins=0 hp=0:146
f=278189 slot=1 mode=1 wins=0 hp=400:400
f=285920 slot=1 mode=2 wins=0 hp=0:307
f=285981 slot=1 mode=1 wins=0 hp=400:400
f=293626 slot=1 mode=2 wins=0 hp=0:256
f=293687 slot=1 mode=1 wins=0 hp=400:400
f=304470 slot=1 mode=2 wins=0 hp=0:157
f=304531 slot=1 mode=1 wins=0 hp=400:400
f=311632 slot=1 mode=2 wins=0 hp=0:266
f=311693 slot=1 mode=1 wins=0 hp=400:400
f=320887 slot=1 mode=2 wins=0 hp=0:277
f=320948 slot=1 mode=1 wins=0 hp=400:400
f=328601 slot=1 mode=2 wins=0 hp=0:308
f=328662 slot=1 mode=1 wins=0 hp=400:400
f=335333 slot=1 mode=2 wins=0 hp=0:303
f=335394 slot=1 mode=1 wins=0 hp=400:400
f=346475 slot=1 mode=2 wins=0 hp=0:164
f=346536 slot=1 mode=1 wins=0 hp=400:400
f=352683 slot=1 mode=2 wins=0 hp=0:227
f=352744 slot=1 mode=1 wins=0 hp=400:400
f=361905 slot=1 mode=2 wins=0 hp=0:208
f=361966 slot=1 mode=1 wins=0 hp=400:400
f=369778 slot=1 mode=2 wins=0 hp=0:259
f=369839 slot=1 mode=1 wins=0 hp=400:400
f=378926 slot=1 mode=2 wins=0 hp=0:231
f=378987 slot=1 mode=1 wins=0 hp=400:400
f=386678 slot=1 mode=2 wins=0 hp=0:199
f=386739 slot=1 mode=1 wins=0 hp=400:400
f=393791 slot=1 mode=2 wins=0 hp=0:244
f=393852 slot=1 mode=1 wins=0 hp=400:400
f=402491 slot=1 mode=2 wins=0 hp=0:267
f=402552 slot=1 mode=1 wins=0 hp=400:400
f=409434 slot=1 mode=2 wins=0 hp=0:337
f=409495 slot=1 mode=1 wins=0 hp=400:400
f=417685 slot=1 mode=2 wins=0 hp=0:116
f=417746 slot=1 mode=1 wins=0 hp=400:400
f=428228 slot=1 mode=2 wins=0 hp=0:244
f=428289 slot=1 mode=1 wins=0 hp=400:400
f=434885 slot=1 mode=2 wins=0 hp=0:269
f=434946 slot=1 mode=1 wins=0 hp=400:400
f=442199 slot=1 mode=2 wins=0 hp=0:284
f=442260 slot=1 mode=1 wins=0 hp=400:400
f=452118 slot=1 mode=2 wins=0 hp=0:172
f=452179 slot=1 mode=1 wins=0 hp=400:400
f=461187 slot=1 mode=2 wins=0 hp=0:261
f=461248 slot=1 mode=1 wins=0 hp=400:400
f=467831 slot=1 mode=2 wins=0 hp=0:284
f=467892 slot=1 mode=1 wins=0 hp=400:400
f=476190 slot=1 mode=2 wins=0 hp=0:308
f=476251 slot=1 mode=1 wins=0 hp=400:400
f=482407 slot=1 mode=2 wins=0 hp=0:356
f=482468 slot=1 mode=1 wins=0 hp=400:400
f=490543 slot=1 mode=2 wins=0 hp=0:274
f=490604 slot=1 mode=1 wins=0 hp=400:400
f=498351 slot=1 mode=2 wins=0 hp=0:248
f=498412 slot=1 mode=1 wins=0 hp=400:400
ROUTE with per-frame history snapshots, frames=500000 slot=1 mode=1 wins=0 fights=1 hash=ed531a6f01891e34f1b2a2b1394cd37b7f57db5dc1877900de20864ad48f200a
Exception in thread "main" java.lang.AssertionError: Route frame bound
	at org.elfen.engine.StoryPlayTest.main(StoryPlayTest.java:22)
