START character=0110 name=マユ seed=19 cpu=80
f=1 slot=0 mode=0 wins=0 hp=scene
f=1622 slot=1 mode=1 wins=0 hp=400:400
f=15676 slot=2 mode=0 wins=1 hp=scene
f=17298 slot=3 mode=1 wins=1 hp=400:400
f=32592 slot=4 mode=0 wins=2 hp=scene
f=34214 slot=5 mode=1 wins=2 hp=400:400
f=47813 slot=6 mode=0 wins=3 hp=scene
f=49435 slot=7 mode=1 wins=3 hp=400:400
f=63305 slot=8 mode=0 wins=4 hp=scene
f=64927 slot=9 mode=1 wins=4 hp=400:400
f=78852 slot=10 mode=0 wins=5 hp=scene
f=80474 slot=11 mode=1 wins=5 hp=400:400
f=92420 slot=12 mode=0 wins=6 hp=scene
f=94042 slot=13 mode=1 wins=6 hp=400:400
f=107422 slot=14 mode=0 wins=7 hp=scene
f=109044 slot=15 mode=1 wins=7 hp=400:400
f=122178 slot=16 mode=0 wins=8 hp=scene
f=123800 slot=17 mode=1 wins=8 hp=400:400
f=142467 slot=17 mode=2 wins=8 hp=0:97
f=142528 slot=17 mode=1 wins=8 hp=400:400
f=154589 slot=18 mode=1 wins=9 hp=400:1000
f=166560 slot=19 mode=0 wins=9 hp=scene
f=168182 slot=20 mode=0 wins=9 hp=scene
f=169804 slot=21 mode=3 wins=9 hp=scene
ROUTE with per-frame history snapshots, frames=169804 slot=21 mode=3 wins=9 fights=10 hash=b8409b34c4e60c75957c5683963416c3e8e7454e9f1f61f90c6eb9c3d35f5a31
PASS full route replay 0 checkpoints=193 b8409b34c4e60c75957c5683963416c3e8e7454e9f1f61f90c6eb9c3d35f5a31
PASS full route replay 1 checkpoints=193 b8409b34c4e60c75957c5683963416c3e8e7454e9f1f61f90c6eb9c3d35f5a31
PASS full route replay 2 checkpoints=193 b8409b34c4e60c75957c5683963416c3e8e7454e9f1f61f90c6eb9c3d35f5a31
