START character=0114 name=アンナ seed=19 cpu=80
f=1 slot=0 mode=0 wins=0 hp=scene
f=1622 slot=1 mode=1 wins=0 hp=400:400
f=10957 slot=1 mode=2 wins=0 hp=0:17
f=11018 slot=1 mode=1 wins=0 hp=400:400
f=19555 slot=1 mode=2 wins=0 hp=0:54
f=19616 slot=1 mode=1 wins=0 hp=400:400
f=26419 slot=1 mode=2 wins=0 hp=0:231
f=26480 slot=1 mode=1 wins=0 hp=400:400
f=34705 slot=2 mode=0 wins=1 hp=scene
f=36327 slot=3 mode=1 wins=1 hp=400:400
f=45409 slot=4 mode=0 wins=2 hp=scene
f=47031 slot=5 mode=1 wins=2 hp=400:400
f=57623 slot=5 mode=2 wins=2 hp=0:169
f=57684 slot=5 mode=1 wins=2 hp=400:400
f=66402 slot=5 mode=2 wins=2 hp=0:222
f=66463 slot=5 mode=1 wins=2 hp=400:400
f=73979 slot=5 mode=2 wins=2 hp=0:293
f=74040 slot=5 mode=1 wins=2 hp=400:400
f=87068 slot=6 mode=0 wins=3 hp=scene
f=88690 slot=7 mode=1 wins=3 hp=400:400
f=97282 slot=8 mode=0 wins=4 hp=scene
f=98904 slot=9 mode=1 wins=4 hp=400:400
f=106943 slot=9 mode=2 wins=4 hp=0:114
f=107004 slot=9 mode=1 wins=4 hp=400:400
f=116472 slot=9 mode=2 wins=4 hp=0:114
f=116533 slot=9 mode=1 wins=4 hp=400:400
f=128922 slot=10 mode=0 wins=5 hp=scene
f=130544 slot=11 mode=1 wins=5 hp=400:400
f=140044 slot=11 mode=2 wins=5 hp=0:14
f=140105 slot=11 mode=1 wins=5 hp=400:400
f=147169 slot=12 mode=0 wins=6 hp=scene
f=148791 slot=13 mode=1 wins=6 hp=400:400
f=155116 slot=13 mode=2 wins=6 hp=0:173
f=155177 slot=13 mode=1 wins=6 hp=400:400
f=161821 slot=14 mode=0 wins=7 hp=scene
f=163443 slot=15 mode=1 wins=7 hp=400:400
f=170683 slot=16 mode=0 wins=8 hp=scene
f=172305 slot=17 mode=1 wins=8 hp=400:400
f=180620 slot=18 mode=1 wins=9 hp=400:1000
f=185730 slot=19 mode=0 wins=9 hp=scene
f=187352 slot=20 mode=0 wins=9 hp=scene
f=188974 slot=21 mode=3 wins=9 hp=scene
ROUTE with per-frame history snapshots, frames=188974 slot=21 mode=3 wins=9 fights=10 hash=4dd43fdb1a14c5882cc8c43eb6bc9b1c25551dfe7b4b307a34b7b7f1fffc7dde
PASS full route replay 0 checkpoints=230 4dd43fdb1a14c5882cc8c43eb6bc9b1c25551dfe7b4b307a34b7b7f1fffc7dde
