START character=0168 name=ミサキ seed=19 cpu=80
f=1 slot=0 mode=0 wins=0 hp=scene
f=1622 slot=1 mode=1 wins=0 hp=400:400
f=7270 slot=1 mode=2 wins=0 hp=0:244
f=7331 slot=1 mode=1 wins=0 hp=400:400
f=12126 slot=1 mode=2 wins=0 hp=0:341
f=12187 slot=1 mode=1 wins=0 hp=400:400
f=19982 slot=2 mode=0 wins=1 hp=scene
f=21604 slot=3 mode=1 wins=1 hp=400:400
f=31252 slot=4 mode=0 wins=2 hp=scene
f=32874 slot=5 mode=1 wins=2 hp=400:400
f=41658 slot=6 mode=0 wins=3 hp=scene
f=43280 slot=7 mode=1 wins=3 hp=400:400
f=51534 slot=7 mode=2 wins=3 hp=0:83
f=51595 slot=7 mode=1 wins=3 hp=400:400
f=59680 slot=7 mode=2 wins=3 hp=0:24
f=59741 slot=7 mode=1 wins=3 hp=400:400
f=64394 slot=7 mode=2 wins=3 hp=0:161
f=64455 slot=7 mode=1 wins=3 hp=400:400
f=69730 slot=8 mode=0 wins=4 hp=scene
f=71352 slot=9 mode=1 wins=4 hp=400:400
f=81111 slot=9 mode=2 wins=4 hp=0:57
f=81172 slot=9 mode=1 wins=4 hp=400:400
f=92318 slot=10 mode=0 wins=5 hp=scene
f=93940 slot=11 mode=1 wins=5 hp=400:400
f=103495 slot=11 mode=2 wins=5 hp=0:91
f=103556 slot=11 mode=1 wins=5 hp=400:400
f=109064 slot=12 mode=0 wins=6 hp=scene
f=110686 slot=13 mode=1 wins=6 hp=400:400
f=119266 slot=14 mode=0 wins=7 hp=scene
f=120888 slot=15 mode=1 wins=7 hp=400:400
f=128014 slot=16 mode=0 wins=8 hp=scene
f=129636 slot=17 mode=1 wins=8 hp=400:400
f=138755 slot=18 mode=1 wins=9 hp=400:1000
f=146529 slot=19 mode=0 wins=9 hp=scene
f=148151 slot=20 mode=0 wins=9 hp=scene
f=149773 slot=21 mode=3 wins=9 hp=scene
ROUTE with per-frame history snapshots, frames=149773 slot=21 mode=3 wins=9 fights=10 hash=9674e8176b5f905fa4ba7bdd8407142ff28d461e28d271b71c2314aa393aea8e
PASS full route replay 0 checkpoints=185 9674e8176b5f905fa4ba7bdd8407142ff28d461e28d271b71c2314aa393aea8e
