START character=0108 name=ダイアナ seed=19 cpu=80
f=1 slot=0 mode=0 wins=0 hp=scene
f=1622 slot=1 mode=1 wins=0 hp=400:400
f=11628 slot=1 mode=2 wins=0 hp=0:112
f=11689 slot=1 mode=1 wins=0 hp=400:400
f=18893 slot=1 mode=2 wins=0 hp=0:280
f=18954 slot=1 mode=1 wins=0 hp=400:400
f=24963 slot=2 mode=0 wins=1 hp=scene
f=26585 slot=3 mode=1 wins=1 hp=400:400
f=35988 slot=4 mode=0 wins=2 hp=scene
f=37610 slot=5 mode=1 wins=2 hp=400:400
f=47046 slot=6 mode=0 wins=3 hp=scene
f=48668 slot=7 mode=1 wins=3 hp=400:400
f=55513 slot=7 mode=2 wins=3 hp=0:141
f=55574 slot=7 mode=1 wins=3 hp=400:400
f=64584 slot=8 mode=0 wins=4 hp=scene
f=66206 slot=9 mode=1 wins=4 hp=400:400
f=74865 slot=9 mode=2 wins=4 hp=0:27
f=74926 slot=9 mode=1 wins=4 hp=400:400
f=84559 slot=9 mode=2 wins=4 hp=0:203
f=84620 slot=9 mode=1 wins=4 hp=400:400
f=94091 slot=10 mode=0 wins=5 hp=scene
f=95713 slot=11 mode=1 wins=5 hp=400:400
f=100687 slot=11 mode=2 wins=5 hp=0:68
f=100748 slot=11 mode=1 wins=5 hp=400:400
f=107044 slot=11 mode=2 wins=5 hp=0:23
f=107105 slot=11 mode=1 wins=5 hp=400:400
f=113419 slot=11 mode=2 wins=5 hp=0:99
f=113480 slot=11 mode=1 wins=5 hp=400:400
f=118250 slot=11 mode=2 wins=5 hp=0:198
f=118311 slot=11 mode=1 wins=5 hp=400:400
f=125791 slot=11 mode=2 wins=5 hp=0:91
f=125852 slot=11 mode=1 wins=5 hp=400:400
f=131854 slot=12 mode=0 wins=6 hp=scene
f=133476 slot=13 mode=1 wins=6 hp=400:400
f=143346 slot=14 mode=0 wins=7 hp=scene
f=144968 slot=15 mode=1 wins=7 hp=400:400
f=157223 slot=15 mode=2 wins=7 hp=0:145
f=157284 slot=15 mode=1 wins=7 hp=400:400
f=166142 slot=16 mode=0 wins=8 hp=scene
f=167764 slot=17 mode=1 wins=8 hp=400:400
f=175371 slot=17 mode=2 wins=8 hp=0:321
f=175432 slot=17 mode=1 wins=8 hp=400:400
f=183674 slot=18 mode=1 wins=9 hp=400:1000
f=188983 slot=19 mode=0 wins=9 hp=scene
f=190605 slot=20 mode=0 wins=9 hp=scene
f=192227 slot=21 mode=3 wins=9 hp=scene
ROUTE with per-frame history snapshots, frames=192227 slot=21 mode=3 wins=9 fights=10 hash=d21eb0854139391edfa7e5c0d023b699a2921026bb6a5791716d450536b7e020
PASS full route replay 0 checkpoints=238 d21eb0854139391edfa7e5c0d023b699a2921026bb6a5791716d450536b7e020
