START character=0170 name=ルーシー seed=19 cpu=100
f=1 slot=0 mode=0 wins=0 hp=scene
f=1622 slot=1 mode=1 wins=0 hp=400:400
f=14787 slot=1 mode=2 wins=0 hp=0:134
f=14848 slot=1 mode=1 wins=0 hp=400:400
f=29179 slot=2 mode=0 wins=1 hp=scene
f=30801 slot=3 mode=1 wins=1 hp=400:400
f=59818 slot=4 mode=0 wins=2 hp=scene
f=61440 slot=5 mode=1 wins=2 hp=400:400
f=93916 slot=5 mode=2 wins=2 hp=0:130
f=93977 slot=5 mode=1 wins=2 hp=400:400
f=130239 slot=6 mode=0 wins=3 hp=scene
f=131861 slot=7 mode=1 wins=3 hp=400:400
f=157804 slot=7 mode=2 wins=3 hp=0:267
f=157865 slot=7 mode=1 wins=3 hp=400:400
f=191298 slot=7 mode=2 wins=3 hp=0:193
f=191359 slot=7 mode=1 wins=3 hp=400:400
f=211528 slot=8 mode=0 wins=4 hp=scene
f=213150 slot=9 mode=1 wins=4 hp=400:400
f=230403 slot=10 mode=0 wins=5 hp=scene
f=232025 slot=11 mode=1 wins=5 hp=400:400
f=252281 slot=11 mode=2 wins=5 hp=0:308
f=252342 slot=11 mode=1 wins=5 hp=400:400
f=270133 slot=11 mode=2 wins=5 hp=0:111
f=270194 slot=11 mode=1 wins=5 hp=400:400
f=280741 slot=11 mode=2 wins=5 hp=0:263
f=280802 slot=11 mode=1 wins=5 hp=400:400
f=297319 slot=11 mode=2 wins=5 hp=0:13
f=297380 slot=11 mode=1 wins=5 hp=400:400
f=310897 slot=11 mode=2 wins=5 hp=0:153
f=310958 slot=11 mode=1 wins=5 hp=400:400
f=325097 slot=11 mode=2 wins=5 hp=0:161
f=325158 slot=11 mode=1 wins=5 hp=400:400
f=340177 slot=11 mode=2 wins=5 hp=0:249
f=340238 slot=11 mode=1 wins=5 hp=400:400
f=356951 slot=11 mode=2 wins=5 hp=0:91
f=357012 slot=11 mode=1 wins=5 hp=400:400
f=375610 slot=11 mode=2 wins=5 hp=0:53
f=375671 slot=11 mode=1 wins=5 hp=400:400
f=394529 slot=11 mode=2 wins=5 hp=0:15
f=394590 slot=11 mode=1 wins=5 hp=400:400
f=408936 slot=11 mode=2 wins=5 hp=0:316
f=408997 slot=11 mode=1 wins=5 hp=400:400
f=423306 slot=11 mode=2 wins=5 hp=0:49
f=423367 slot=11 mode=1 wins=5 hp=400:400
f=438623 slot=11 mode=2 wins=5 hp=0:161
f=438684 slot=11 mode=1 wins=5 hp=400:400
f=455345 slot=11 mode=2 wins=5 hp=0:36
f=455406 slot=11 mode=1 wins=5 hp=400:400
f=468983 slot=11 mode=2 wins=5 hp=0:226
f=469044 slot=11 mode=1 wins=5 hp=400:400
f=497615 slot=11 mode=2 wins=5 hp=0:52
f=497676 slot=11 mode=1 wins=5 hp=400:400
f=510522 slot=11 mode=2 wins=5 hp=0:181
f=510583 slot=11 mode=1 wins=5 hp=400:400
f=525888 slot=11 mode=2 wins=5 hp=0:59
f=525949 slot=11 mode=1 wins=5 hp=400:400
f=546614 slot=11 mode=2 wins=5 hp=0:329
f=546675 slot=11 mode=1 wins=5 hp=400:400
f=561901 slot=11 mode=2 wins=5 hp=0:95
f=561962 slot=11 mode=1 wins=5 hp=400:400
f=584680 slot=11 mode=2 wins=5 hp=0:33
f=584741 slot=11 mode=1 wins=5 hp=400:400
f=597980 slot=11 mode=2 wins=5 hp=0:197
f=598041 slot=11 mode=1 wins=5 hp=400:400
f=623380 slot=11 mode=2 wins=5 hp=0:224
f=623441 slot=11 mode=1 wins=5 hp=400:400
f=645693 slot=11 mode=2 wins=5 hp=0:158
f=645754 slot=11 mode=1 wins=5 hp=400:400
f=660456 slot=11 mode=2 wins=5 hp=0:78
f=660517 slot=11 mode=1 wins=5 hp=400:400
f=674128 slot=11 mode=2 wins=5 hp=0:229
f=674189 slot=11 mode=1 wins=5 hp=400:400
f=695062 slot=11 mode=2 wins=5 hp=0:85
f=695123 slot=11 mode=1 wins=5 hp=400:400
f=708315 slot=11 mode=2 wins=5 hp=0:34
f=708376 slot=11 mode=1 wins=5 hp=400:400
f=725521 slot=11 mode=2 wins=5 hp=0:196
f=725582 slot=11 mode=1 wins=5 hp=400:400
f=737540 slot=11 mode=2 wins=5 hp=0:340
f=737601 slot=11 mode=1 wins=5 hp=400:400
f=751069 slot=11 mode=2 wins=5 hp=0:189
f=751130 slot=11 mode=1 wins=5 hp=400:400
f=765864 slot=11 mode=2 wins=5 hp=0:155
f=765925 slot=11 mode=1 wins=5 hp=400:400
f=789004 slot=11 mode=2 wins=5 hp=0:178
f=789065 slot=11 mode=1 wins=5 hp=400:400
f=805158 slot=11 mode=2 wins=5 hp=0:305
f=805219 slot=11 mode=1 wins=5 hp=400:400
f=820020 slot=11 mode=2 wins=5 hp=0:297
f=820081 slot=11 mode=1 wins=5 hp=400:400
f=841605 slot=11 mode=2 wins=5 hp=0:273
f=841666 slot=11 mode=1 wins=5 hp=400:400
f=855325 slot=11 mode=2 wins=5 hp=0:290
f=855386 slot=11 mode=1 wins=5 hp=400:400
f=867846 slot=11 mode=2 wins=5 hp=0:168
f=867907 slot=11 mode=1 wins=5 hp=400:400
f=880392 slot=11 mode=2 wins=5 hp=0:239
f=880453 slot=11 mode=1 wins=5 hp=400:400
f=893459 slot=11 mode=2 wins=5 hp=0:290
f=893520 slot=11 mode=1 wins=5 hp=400:400
ROUTE with per-frame history snapshots, frames=900000 slot=11 mode=1 wins=5 fights=6 hash=5cf8334a800f791a97535bd1589e8a159e823f339d7479eb27ce57d0b83e3706
Exception in thread "main" java.lang.AssertionError: Route frame bound
	at org.elfen.engine.StoryPlayTest.main(StoryPlayTest.java:23)
