START character=0156 name=るーしー seed=19 cpu=80
f=1 slot=0 mode=0 wins=0 hp=scene
f=1622 slot=1 mode=1 wins=0 hp=400:400
f=8990 slot=1 mode=2 wins=0 hp=0:217
f=9051 slot=1 mode=1 wins=0 hp=400:400
f=18811 slot=2 mode=0 wins=1 hp=scene
f=20433 slot=3 mode=1 wins=1 hp=400:400
f=27279 slot=4 mode=0 wins=2 hp=scene
f=28901 slot=5 mode=1 wins=2 hp=400:400
f=35014 slot=5 mode=2 wins=2 hp=0:214
f=35075 slot=5 mode=1 wins=2 hp=400:400
f=42054 slot=6 mode=0 wins=3 hp=scene
f=43676 slot=7 mode=1 wins=3 hp=400:400
f=55361 slot=8 mode=0 wins=4 hp=scene
f=56983 slot=9 mode=1 wins=4 hp=400:400
f=67478 slot=9 mode=2 wins=4 hp=0:7
f=67539 slot=9 mode=1 wins=4 hp=400:400
f=75455 slot=9 mode=2 wins=4 hp=0:26
f=75516 slot=9 mode=1 wins=4 hp=400:400
f=80971 slot=10 mode=0 wins=5 hp=scene
f=82593 slot=11 mode=1 wins=5 hp=400:400
f=89879 slot=11 mode=2 wins=5 hp=0:235
f=89940 slot=11 mode=1 wins=5 hp=400:400
f=98220 slot=11 mode=2 wins=5 hp=0:19
f=98281 slot=11 mode=1 wins=5 hp=400:400
f=109210 slot=12 mode=0 wins=6 hp=scene
f=110832 slot=13 mode=1 wins=6 hp=400:400
f=122026 slot=14 mode=0 wins=7 hp=scene
f=123648 slot=15 mode=1 wins=7 hp=400:400
f=131369 slot=15 mode=2 wins=7 hp=0:164
f=131430 slot=15 mode=1 wins=7 hp=400:400
f=139016 slot=15 mode=2 wins=7 hp=0:230
f=139077 slot=15 mode=1 wins=7 hp=400:400
f=148095 slot=15 mode=2 wins=7 hp=0:48
f=148156 slot=15 mode=1 wins=7 hp=400:400
f=154611 slot=15 mode=2 wins=7 hp=0:213
f=154672 slot=15 mode=1 wins=7 hp=400:400
f=164728 slot=15 mode=2 wins=7 hp=0:34
f=164789 slot=15 mode=1 wins=7 hp=400:400
f=173794 slot=15 mode=2 wins=7 hp=0:169
f=173855 slot=15 mode=1 wins=7 hp=400:400
f=180053 slot=15 mode=2 wins=7 hp=0:209
f=180114 slot=15 mode=1 wins=7 hp=400:400
f=189725 slot=15 mode=2 wins=7 hp=0:127
f=189786 slot=15 mode=1 wins=7 hp=400:400
f=196757 slot=16 mode=0 wins=8 hp=scene
f=198379 slot=17 mode=1 wins=8 hp=400:400
f=205256 slot=18 mode=1 wins=9 hp=400:1000
f=209031 slot=19 mode=0 wins=9 hp=scene
f=210653 slot=20 mode=0 wins=9 hp=scene
f=212275 slot=21 mode=3 wins=9 hp=scene
ROUTE with per-frame history snapshots, frames=212275 slot=21 mode=3 wins=9 fights=10 hash=91601d47ed671a2a3aa8c74c87d47dbfe38456372296c8ebe9d15e7d6968f5d9
PASS full route replay 0 checkpoints=262 91601d47ed671a2a3aa8c74c87d47dbfe38456372296c8ebe9d15e7d6968f5d9
